// Jest Snapshot v1, https://goo.gl/fbAQLP

exports[`AudioPreview renders correctly 1`] = `
<audio
  class="audio-preview"
  controls=""
  src="http://localhost/test.wav"
/>
`;

exports[`ImagePreview renders correctly 1`] = `
<img
  class="image-preview"
  src="http://localhost/test.jpg"
/>
`;

exports[`VideoPreview renders correctly 1`] = `
<video
  class="video-preview"
  controls=""
  src="http://localhost/test.mpg"
/>
`;
